state	power	likelihood
4	0.07776	-21441.7
5	0.07776	-21515.7
6	0.07776	-21475.9
7	0.07776	-21473.7
8	0.07776	-21470.1
9	0.07776	-21523.5
10	0.07776	-21516.7
