state	power	likelihood
4	0.00032	-28010.5
5	0.00032	-27850.7
6	0.00032	-29408.9
7	0.00032	-29800.9
8	0.00032	-29484.1
9	0.00032	-29072
10	0.00032	-28730.3
