state	power	likelihood
4	0.32768	-21285.3
5	0.32768	-21282.4
6	0.32768	-21275.6
7	0.32768	-21272.7
8	0.32768	-21273.9
9	0.32768	-21290.5
10	0.32768	-21295.2
