state	power	likelihood
4	0.16807	-21411
5	0.16807	-21370.9
6	0.16807	-21366.2
7	0.16807	-21358.5
8	0.16807	-21376.9
9	0.16807	-21382.3
10	0.16807	-21395.1
