state	power	likelihood
4	0.59049	-21264.4
5	0.59049	-21270.7
6	0.59049	-21259.8
7	0.59049	-21255.8
8	0.59049	-21257
9	0.59049	-21259.9
10	0.59049	-21257.2
