state	power	likelihood
4	0.03125	-22012.8
5	0.03125	-22079.6
6	0.03125	-22097.5
7	0.03125	-22197.2
8	0.03125	-22114.1
9	0.03125	-22047.2
10	0.03125	-22011.7
