state	power	likelihood
4	1	-21251
5	1	-21251.4
6	1	-21242
7	1	-21241.8
8	1	-21239.6
9	1	-21249
10	1	-21247.7
