state	power	likelihood
4	0.01024	-23688.8
5	0.01024	-23620.1
6	0.01024	-23352.3
7	0.01024	-23538.2
8	0.01024	-23457.7
9	0.01024	-23558.7
10	0.01024	-23750.7
