state	power	likelihood
4	0.00243	-25700.3
5	0.00243	-25628.8
6	0.00243	-26359.1
7	0.00243	-26400.7
8	0.00243	-26126.7
9	0.00243	-25957
10	0.00243	-26591.3
