state	power	likelihood
4	1.16658e-302	-29582.6
5	1.16658e-302	-30742.9
6	1.16658e-302	-28814.5
7	1.16658e-302	-30000.2
8	1.16658e-302	-29190.9
9	1.16658e-302	-28504.5
10	1.16658e-302	-29876.4
