state	power	likelihood
4	1e-05	-28551.9
5	1e-05	-27656.5
6	1e-05	-28911.8
7	1e-05	-29127.6
8	1e-05	-27594
9	1e-05	-31120
10	1e-05	-30251.4
