Iteration	Posterior	Likelihood	Prior	clado_demipoly	clado_fission	clado_fusion	clado_no_change	clado_polyploid	delta	delta_l	eta	gamma	gamma_l	root_frequencies[1]	root_frequencies[2]	root_frequencies[3]	root_frequencies[4]	root_frequencies[5]	root_frequencies[6]	root_frequencies[7]	root_frequencies[8]	root_frequencies[9]	root_frequencies[10]	root_frequencies[11]	root_frequencies[12]	root_frequencies[13]	root_frequencies[14]	root_frequencies[15]	root_frequencies[16]	root_frequencies[17]	root_frequencies[18]	root_frequencies[19]	turnover
0	-114.7522	-171.6931	56.94089	0	0.001743261	0.001080301	0.4877406	0.004670938	0.002251771	0	0.01480515	0.0361399	-0.1243386	0.014756	0.0171103	0.0661992	0.0209169	0.0284284	0.0227144	0.242249	0.0418935	0.0243834	0.121697	0.1904	0.0697727	0.00282854	0.0283096	0.0183309	0.0301748	0.00941122	0.0146552	0.0357694	0.248354
1	-118.4723	-168.3814	49.90911	0.002289111	0	0.001080301	0.4877406	0.004670938	0.08096227	0.1133749	0	0.0361399	0	0.0148777	0.0147761	0.0667453	0.0286629	0.00948885	0.0229017	0.0245846	0.122701	0.244247	0.0422391	0.191971	0.0172514	0.00285187	0.0285432	0.0360645	0.0221742	0.0210895	0.0703483	0.0184821	0.01739317
2	-113.6758	-163.9824	50.30656	0.002289111	0.0009369907	0	0.4877406	0.003293464	0.05654181	0	0	0.0361399	0	0.0227083	0.0225532	0.101875	0.0315763	0.0550463	0.0349556	0.0375242	0.187282	0.186552	0.0644709	0.0437491	0.0338452	0.0144831	0.0287291	0.0043529	0.0263314	0.0321896	0.0435663	0.0282098	0.01739317
